Release 14.7 - xst P.20131013 (lin64)
Copyright (c) 1995-2013 Xilinx, Inc.  All rights reserved.
--> 
Parameter TMPDIR set to xst/projnav.tmp


Total REAL time to Xst completion: 0.00 secs
Total CPU time to Xst completion: 0.08 secs
 
--> 
Parameter xsthdpdir set to xst


Total REAL time to Xst completion: 0.00 secs
Total CPU time to Xst completion: 0.08 secs
 
--> 
Reading design: RECEIVER.prj

TABLE OF CONTENTS
  1) Synthesis Options Summary
  2) HDL Parsing
  3) HDL Elaboration
  4) HDL Synthesis
       4.1) HDL Synthesis Report
  5) Advanced HDL Synthesis
       5.1) Advanced HDL Synthesis Report
  6) Low Level Synthesis
  7) Partition Report
  8) Design Summary
       8.1) Primitive and Black Box Usage
       8.2) Device utilization summary
       8.3) Partition Resource Summary
       8.4) Timing Report
            8.4.1) Clock Information
            8.4.2) Asynchronous Control Signals Information
            8.4.3) Timing Summary
            8.4.4) Timing Details
            8.4.5) Cross Clock Domains Report


=========================================================================
*                      Synthesis Options Summary                        *
=========================================================================
---- Source Parameters
Input File Name                    : "RECEIVER.prj"
Ignore Synthesis Constraint File   : NO

---- Target Parameters
Output File Name                   : "RECEIVER"
Output Format                      : NGC
Target Device                      : xa7a100t-2I-csg324

---- Source Options
Top Module Name                    : RECEIVER
Automatic FSM Extraction           : YES
FSM Encoding Algorithm             : Auto
Safe Implementation                : No
FSM Style                          : LUT
RAM Extraction                     : Yes
RAM Style                          : Auto
ROM Extraction                     : Yes
Shift Register Extraction          : YES
ROM Style                          : Auto
Resource Sharing                   : YES
Asynchronous To Synchronous        : NO
Shift Register Minimum Size        : 2
Use DSP Block                      : Auto
Automatic Register Balancing       : No

---- Target Options
LUT Combining                      : Auto
Reduce Control Sets                : Auto
Add IO Buffers                     : YES
Global Maximum Fanout              : 100000
Add Generic Clock Buffer(BUFG)     : 32
Register Duplication               : YES
Optimize Instantiated Primitives   : NO
Use Clock Enable                   : Auto
Use Synchronous Set                : Auto
Use Synchronous Reset              : Auto
Pack IO Registers into IOBs        : Auto
Equivalent register Removal        : YES

---- General Options
Optimization Goal                  : Speed
Optimization Effort                : 1
Power Reduction                    : NO
Keep Hierarchy                     : No
Netlist Hierarchy                  : As_Optimized
RTL Output                         : Yes
Global Optimization                : AllClockNets
Read Cores                         : YES
Write Timing Constraints           : NO
Cross Clock Analysis               : NO
Hierarchy Separator                : /
Bus Delimiter                      : <>
Case Specifier                     : Maintain
Slice Utilization Ratio            : 100
BRAM Utilization Ratio             : 100
DSP48 Utilization Ratio            : 100
Auto BRAM Packing                  : NO
Slice Utilization Ratio Delta      : 5

=========================================================================


=========================================================================
*                          HDL Parsing                                  *
=========================================================================
Parsing VHDL file "/home/ise/Desktop/PUF/Initial_project/package_types.vhd" into library work
Parsing package <package_types>.
Parsing package body <package_types>.
Parsing VHDL file "/home/ise/Desktop/PUF/Initial_project/receiver.vhd" into library work
Parsing entity <RECEIVER>.
Parsing architecture <cialo> of entity <receiver>.

=========================================================================
*                            HDL Elaboration                            *
=========================================================================

Elaborating entity <RECEIVER> (architecture <cialo>) with generics from library <work>.
WARNING:HDLCompiler:92 - "/home/ise/Desktop/PUF/Initial_project/receiver.vhd" Line 104: error_b should be on the sensitivity list of the process
WARNING:HDLCompiler:92 - "/home/ise/Desktop/PUF/Initial_project/receiver.vhd" Line 105: bufor should be on the sensitivity list of the process
WARNING:HDLCompiler:92 - "/home/ise/Desktop/PUF/Initial_project/receiver.vhd" Line 106: timer should be on the sensitivity list of the process
WARNING:HDLCompiler:92 - "/home/ise/Desktop/PUF/Initial_project/receiver.vhd" Line 107: status should be on the sensitivity list of the process

=========================================================================
*                           HDL Synthesis                               *
=========================================================================

Synthesizing Unit <RECEIVER>.
    Related source file is "/home/ise/Desktop/PUF/Initial_project/receiver.vhd".
        WORD_LEN = 8
        CLOCK_SPEED = 20000000
        BOD = 5000000
        PAR_LEN = 1
        STOP_LEN = 2
    Found 1-bit register for signal <ERROR_B>.
    Found 1-bit register for signal <DONE>.
    Found 1-bit register for signal <WRITING>.
    Found 2-bit register for signal <STOP_P>.
    Found 2-bit register for signal <STATUS_OUT>.
    Found 3-bit register for signal <TIMER_OUT>.
    Found 8-bit register for signal <D>.
    Found 4-bit register for signal <S>.
    Found finite state machine <FSM_0> for signal <STATUS>.
    -----------------------------------------------------------------------
    | States             | 4                                              |
    | Transitions        | 9                                              |
    | Inputs             | 4                                              |
    | Outputs            | 5                                              |
    | Clock              | C (rising_edge)                                |
    | Reset              | R (positive)                                   |
    | Reset type         | asynchronous                                   |
    | Reset State        | czekaj                                         |
    | Power Up State     | czekaj                                         |
    | Encoding           | auto                                           |
    | Implementation     | LUT                                            |
    -----------------------------------------------------------------------
    Found 4-bit adder for signal <S[3]_GND_6_o_add_7_OUT> created at line 66.
    Found 3-bit adder for signal <TIMER[2]_GND_6_o_add_23_OUT> created at line 84.
    Found 2-bit adder for signal <STOP_P[1]_GND_6_o_add_24_OUT> created at line 87.
    Found 3-bit 4-to-1 multiplexer for signal <TIMER[2]_GND_6_o_mux_34_OUT> created at line 53.
    Summary:
	inferred   3 Adder/Subtractor(s).
	inferred  20 D-type flip-flop(s).
	inferred  15 Multiplexer(s).
	inferred   1 Finite State Machine(s).
Unit <RECEIVER> synthesized.

=========================================================================
HDL Synthesis Report

Macro Statistics
# Adders/Subtractors                                   : 3
 2-bit adder                                           : 1
 3-bit adder                                           : 1
 4-bit adder                                           : 1
# Registers                                            : 7
 1-bit register                                        : 3
 2-bit register                                        : 1
 3-bit register                                        : 1
 4-bit register                                        : 1
 8-bit register                                        : 1
# Multiplexers                                         : 15
 1-bit 2-to-1 multiplexer                              : 8
 2-bit 2-to-1 multiplexer                              : 1
 3-bit 2-to-1 multiplexer                              : 3
 3-bit 4-to-1 multiplexer                              : 1
 4-bit 2-to-1 multiplexer                              : 1
 8-bit 2-to-1 multiplexer                              : 1
# FSMs                                                 : 1
# Xors                                                 : 2
 1-bit xor2                                            : 1
 1-bit xor8                                            : 1

=========================================================================

=========================================================================
*                       Advanced HDL Synthesis                          *
=========================================================================

WARNING:Xst - The specified part-type was not generated at build time. XST is loading the full part-type and will therefore consume more CPU and memory.
Loading device for application Rf_Device from file '7a100t.nph' in environment /opt/Xilinx/14.7/ISE_DS/ISE/.
Loading device for application Rf_Device from file '7a100t.nph' in environment /opt/Xilinx/14.7/ISE_DS/ISE/.

Synthesizing (advanced) Unit <RECEIVER>.
The following registers are absorbed into counter <S>: 1 register on signal <S>.
The following registers are absorbed into counter <STOP_P>: 1 register on signal <STOP_P>.
Unit <RECEIVER> synthesized (advanced).

=========================================================================
Advanced HDL Synthesis Report

Macro Statistics
# Adders/Subtractors                                   : 1
 3-bit adder                                           : 1
# Counters                                             : 2
 2-bit up counter                                      : 1
 4-bit up counter                                      : 1
# Registers                                            : 14
 Flip-Flops                                            : 14
# Multiplexers                                         : 13
 1-bit 2-to-1 multiplexer                              : 8
 3-bit 2-to-1 multiplexer                              : 3
 3-bit 4-to-1 multiplexer                              : 1
 8-bit 2-to-1 multiplexer                              : 1
# FSMs                                                 : 1
# Xors                                                 : 2
 1-bit xor2                                            : 1
 1-bit xor8                                            : 1

=========================================================================

=========================================================================
*                         Low Level Synthesis                           *
=========================================================================
Analyzing FSM <MFsm> for best encoding.
Optimizing FSM <FSM_0> on signal <STATUS[1:2]> with gray encoding.
------------------------
 State      | Encoding
------------------------
 czekaj     | 00
 data       | 01
 parzystosc | 11
 stop       | 10
------------------------

Optimizing unit <RECEIVER> ...

Mapping all equations...
Building and optimizing final netlist ...
Found area constraint ratio of 100 (+ 5) on block RECEIVER, actual ratio is 0.

Final Macro Processing ...

=========================================================================
Final Register Report

Macro Statistics
# Registers                                            : 22
 Flip-Flops                                            : 22

=========================================================================

=========================================================================
*                           Partition Report                            *
=========================================================================

Partition Implementation Status
-------------------------------

  No Partitions were found in this design.

-------------------------------

=========================================================================
*                            Design Summary                             *
=========================================================================

Top Level Output File Name         : RECEIVER.ngc

Primitive and Black Box Usage:
------------------------------
# BELS                             : 51
#      INV                         : 3
#      LUT2                        : 3
#      LUT3                        : 14
#      LUT4                        : 1
#      LUT5                        : 8
#      LUT6                        : 20
#      MUXF7                       : 2
# FlipFlops/Latches                : 22
#      FDC                         : 8
#      FDCE                        : 14
# Clock Buffers                    : 1
#      BUFGP                       : 1
# IO Buffers                       : 19
#      IBUF                        : 3
#      OBUF                        : 16

Device utilization summary:
---------------------------

Selected Device : xa7a100tcsg324-2i 


Slice Logic Utilization: 
 Number of Slice Registers:              22  out of  126800     0%  
 Number of Slice LUTs:                   49  out of  63400     0%  
    Number used as Logic:                49  out of  63400     0%  

Slice Logic Distribution: 
 Number of LUT Flip Flop pairs used:     49
   Number with an unused Flip Flop:      27  out of     49    55%  
   Number with an unused LUT:             0  out of     49     0%  
   Number of fully used LUT-FF pairs:    22  out of     49    44%  
   Number of unique control sets:         4

IO Utilization: 
 Number of IOs:                          20
 Number of bonded IOBs:                  20  out of    210     9%  

Specific Feature Utilization:
 Number of BUFG/BUFGCTRLs:                1  out of     32     3%  

---------------------------
Partition Resource Summary:
---------------------------

  No Partitions were found in this design.

---------------------------


=========================================================================
Timing Report

NOTE: THESE TIMING NUMBERS ARE ONLY A SYNTHESIS ESTIMATE.
      FOR ACCURATE TIMING INFORMATION PLEASE REFER TO THE TRACE REPORT
      GENERATED AFTER PLACE-and-ROUTE.

Clock Information:
------------------
-----------------------------------+------------------------+-------+
Clock Signal                       | Clock buffer(FF name)  | Load  |
-----------------------------------+------------------------+-------+
C                                  | BUFGP                  | 22    |
-----------------------------------+------------------------+-------+

Asynchronous Control Signals Information:
----------------------------------------
No asynchronous control signals found in this design

Timing Summary:
---------------
Speed Grade: -2

   Minimum period: 2.098ns (Maximum Frequency: 476.713MHz)
   Minimum input arrival time before clock: 1.440ns
   Maximum output required time after clock: 1.377ns
   Maximum combinational path delay: No path found

Timing Details:
---------------
All values displayed in nanoseconds (ns)

=========================================================================
Timing constraint: Default period analysis for Clock 'C'
  Clock period: 2.098ns (frequency: 476.713MHz)
  Total number of paths / destination ports: 257 / 36
-------------------------------------------------------------------------
Delay:               2.098ns (Levels of Logic = 3)
  Source:            S_3 (FF)
  Destination:       BUFOR_0 (FF)
  Source Clock:      C rising
  Destination Clock: C rising

  Data Path: S_3 to BUFOR_0
                                Gate     Net
    Cell:in->out      fanout   Delay   Delay  Logical Name (Net Name)
    ----------------------------------------  ------------
     FDCE:C->Q             6   0.361   0.599  S_3 (S_3)
     LUT3:I0->O            2   0.097   0.444  _n0208_inv_SW0 (N5)
     LUT5:I3->O            8   0.097   0.394  _n0208_inv_rstpot1 (_n0208_inv_rstpot1)
     LUT3:I2->O            1   0.097   0.000  BUFOR_0_dpot (BUFOR_0_dpot)
     FDCE:D                    0.008          BUFOR_0
    ----------------------------------------
    Total                      2.098ns (0.660ns logic, 1.438ns route)
                                       (31.5% logic, 68.5% route)

=========================================================================
Timing constraint: Default OFFSET IN BEFORE for Clock 'C'
  Total number of paths / destination ports: 50 / 42
-------------------------------------------------------------------------
Offset:              1.440ns (Levels of Logic = 3)
  Source:            RX (PAD)
  Destination:       BUFOR_0 (FF)
  Destination Clock: C rising

  Data Path: RX to BUFOR_0
                                Gate     Net
    Cell:in->out      fanout   Delay   Delay  Logical Name (Net Name)
    ----------------------------------------  ------------
     IBUF:I->O             9   0.001   0.798  RX_IBUF (RX_IBUF)
     LUT6:I0->O            1   0.097   0.439  Mmux__n019721 (_n0197<1>)
     LUT3:I1->O            1   0.097   0.000  BUFOR_1_dpot (BUFOR_1_dpot)
     FDCE:D                    0.008          BUFOR_1
    ----------------------------------------
    Total                      1.440ns (0.203ns logic, 1.237ns route)
                                       (14.1% logic, 85.9% route)

=========================================================================
Timing constraint: Default OFFSET OUT AFTER for Clock 'C'
  Total number of paths / destination ports: 17 / 16
-------------------------------------------------------------------------
Offset:              1.377ns (Levels of Logic = 2)
  Source:            STATUS_FSM_FFd2 (FF)
  Destination:       STATUS_OUT<0> (PAD)
  Source Clock:      C rising

  Data Path: STATUS_FSM_FFd2 to STATUS_OUT<0>
                                Gate     Net
    Cell:in->out      fanout   Delay   Delay  Logical Name (Net Name)
    ----------------------------------------  ------------
     FDC:C->Q             18   0.361   0.534  STATUS_FSM_FFd2 (STATUS_FSM_FFd2)
     LUT2:I0->O            9   0.097   0.384  STATUS_STATUS_OUT[0]1 (STATUS_OUT_0_OBUF)
     OBUF:I->O                 0.000          STATUS_OUT_0_OBUF (STATUS_OUT<0>)
    ----------------------------------------
    Total                      1.377ns (0.458ns logic, 0.919ns route)
                                       (33.3% logic, 66.7% route)

=========================================================================

Cross Clock Domains Report:
--------------------------

Clock to Setup on destination clock C
---------------+---------+---------+---------+---------+
               | Src:Rise| Src:Fall| Src:Rise| Src:Fall|
Source Clock   |Dest:Rise|Dest:Rise|Dest:Fall|Dest:Fall|
---------------+---------+---------+---------+---------+
C              |    2.098|         |         |         |
---------------+---------+---------+---------+---------+

=========================================================================


Total REAL time to Xst completion: 96.00 secs
Total CPU time to Xst completion: 94.13 secs
 
--> 


Total memory usage is 950752 kilobytes

Number of errors   :    0 (   0 filtered)
Number of warnings :    5 (   0 filtered)
Number of infos    :    0 (   0 filtered)

